{
  "status": "PROXY_FORWARD_NO_GO",
  "latest_complete_day": "2026-10-05",
  "primary": {
    "n": 111,
    "mean": 0.12306872222755141,
    "sum": 13.660628167258206,
    "pf": 1.2711508969950833,
    "win_rate": 0.3963963963963964,
    "max_dd": 11.294349378137225,
    "losing_streak": 7
  },
  "stress": {
    "n": 111,
    "mean": 0.045307402386212094,
    "sum": 5.0291216648695425,
    "pf": 1.0907065596714538,
    "win_rate": 0.3963963963963964,
    "max_dd": 13.584433922762964,
    "losing_streak": 7
  },
  "weekly": {
    "2026-08-15/2026-08-21": {
      "n": 3,
      "mean": 0.13586956521739135,
      "sum": 0.40760869565217406,
      "pf": 1.3421750663129974,
      "win_rate": 0.3333333333333333,
      "max_dd": 1.1912285136501515,
      "losing_streak": 2
    },
    "2026-08-22/2026-08-28": {
      "n": 19,
      "mean": 0.36275593637451947,
      "sum": 6.89236279111587,
      "pf": 1.882192215587213,
      "win_rate": 0.47368421052631576,
      "max_dd": 3.285375998225377,
      "losing_streak": 3
    },
    "2026-08-29/2026-09-04": {
      "n": 19,
      "mean": 0.09805212835711195,
      "sum": 1.862990438785127,
      "pf": 1.2386492977580597,
      "win_rate": 0.47368421052631576,
      "max_dd": 4.304473036827771,
      "losing_streak": 4
    },
    "2026-09-05/2026-09-11": {
      "n": 5,
      "mean": 0.40287406711350837,
      "sum": 2.0143703355675417,
      "pf": 1.6230493970353483,
      "win_rate": 0.4,
      "max_dd": 3.2330828745722355,
      "losing_streak": 3
    },
    "2026-09-12/2026-09-18": {
      "n": 15,
      "mean": 0.23354483575800916,
      "sum": 3.5031725363701374,
      "pf": 1.738147095532381,
      "win_rate": 0.4,
      "max_dd": 4.499472803248152,
      "losing_streak": 6
    },
    "2026-09-19/2026-09-25": {
      "n": 17,
      "mean": 0.4769510300346294,
      "sum": 8.1081675105887,
      "pf": 2.421103452391015,
      "win_rate": 0.47058823529411764,
      "max_dd": 2.521911823713871,
      "losing_streak": 2
    },
    "2026-09-26/2026-10-02": {
      "n": 31,
      "mean": -0.32540705190020813,
      "sum": -10.087618608906451,
      "pf": 0.4632768648397872,
      "win_rate": 0.25806451612903225,
      "max_dd": 11.294349378137222,
      "losing_streak": 7
    },
    "2026-10-03/2026-10-09": {
      "n": 2,
      "mean": 0.4797872340425533,
      "sum": 0.9595744680851066,
      "pf": 1.8800000000000006,
      "win_rate": 0.5,
      "max_dd": 1.0904255319148932,
      "losing_streak": 1
    }
  },
  "positive_weeks": 7,
  "remove_best_10pct_mean": -0.14968621530833512,
  "notes": [
    "Yahoo NQ=F shadow proxy only; not official CME validation.",
    "Frozen external model commit; no post-forward retuning allowed."
  ],
  "ledger_sha256": "8fa55ebf63bde6dc85b7f63cd2c09d150d3e2edf2e1db2e4e2907972fa10af67"
}
