{
  "status": "MNQ_LONDON_B_CAUSAL_REPAIR_V1_INVALID_ABORT",
  "error": "AttributeError('Can only use .dt accessor with datetimelike values')",
  "2025_opened": false,
  "2026_opened": false
}
Traceback (most recent call last):
  File "/home/runner/work/twilio-voice-gateway/twilio-voice-gateway/mnq-propf/run_london_b_causal_repair_v1.py", line 420, in <module>
    main()
  File "/home/runner/work/twilio-voice-gateway/twilio-voice-gateway/mnq-propf/run_london_b_causal_repair_v1.py", line 357, in main
    sig, label_map, ntr, nte = signals_for_year(feats, y)
                               ^^^^^^^^^^^^^^^^^^^^^^^^^^
  File "/home/runner/work/twilio-voice-gateway/twilio-voice-gateway/mnq-propf/run_london_b_causal_repair_v1.py", line 254, in signals_for_year
    if int(pd.Timestamp(r.dt).year) != test_year:
                        ^^^^
  File "/opt/hostedtoolcache/Python/3.12.14/x64/lib/python3.12/site-packages/pandas/core/generic.py", line 6194, in __getattr__
    return object.__getattribute__(self, name)
           ^^^^^^^^^^^^^^^^^^^^^^^^^^^^^^^^^^^
  File "/opt/hostedtoolcache/Python/3.12.14/x64/lib/python3.12/site-packages/pandas/core/accessor.py", line 230, in __get__
    return self._accessor(obj)
           ^^^^^^^^^^^^^^^^^^^
  File "/opt/hostedtoolcache/Python/3.12.14/x64/lib/python3.12/site-packages/pandas/core/indexes/accessors.py", line 698, in __new__
    raise AttributeError("Can only use .dt accessor with datetimelike values")
AttributeError: Can only use .dt accessor with datetimelike values. Did you mean: 'at'?
