$NQ=F: 1m data not available for startTime=1784606400 and endTime=1785211200. The requested range must be within the last 30 days.

1 Failed download:
['NQ=F']: 1m data not available for startTime=1784606400 and endTime=1785211200. The requested range must be within the last 30 days.
{
  "status": "MNQ_12MODEL_YAHOO_V1_INVALID_ABORT",
  "error": "RuntimeError('External run failed rc=1: Traceback (most recent call last):\\n  File \"/tmp/mnq12yahoo/external/run_multi.py\", line 115, in <module>\\n    main()\\n  File \"/tmp/mnq12yahoo/external/run_multi.py\", line 99, in main\\n    m.df.to_csv(args.csv, index=False)\\n  File \"/opt/hostedtoolcache/Python/3.12.14/x64/lib/python3.12/site-packages/pandas/core/generic.py\", line 3976, in to_csv\\n    return DataFrameRenderer(formatter).to_csv(\\n           ^^^^^^^^^^^^^^^^^^^^^^^^^^^^^^^^^^^^\\n  File \"/opt/hostedtoolcache/Python/3.12.14/x64/lib/python3.12/site-packages/pandas/io/formats/format.py\", line 1025, in to_csv\\n    csv_formatter.save()\\n  File \"/opt/hostedtoolcache/Python/3.12.14/x64/lib/python3.12/site-packages/pandas/io/formats/csvs.py\", line 251, in save\\n    with get_handle(\\n         ^^^^^^^^^^^\\n  File \"/opt/hostedtoolcache/Python/3.12.14/x64/lib/python3.12/site-packages/pandas/io/common.py\", line 797, in get_handle\\n    check_parent_directory(str(handle))\\n  File \"/opt/hostedtoolcache/Python/3.12.14/x64/lib/python3.12/site-packages/pandas/io/common.py\", line 656, in check_parent_directory\\n    raise OSError(rf\"Cannot save file into a non-existent directory: \\'{parent}\\'\")\\nOSError: Cannot save file into a non-existent directory: \\'mnq-12model-yahoo/results/v1\\'\\n')"
}
Traceback (most recent call last):
  File "/home/runner/work/twilio-voice-gateway/twilio-voice-gateway/mnq-12model-yahoo/run_v1.py", line 322, in <module>
    main()
  File "/home/runner/work/twilio-voice-gateway/twilio-voice-gateway/mnq-12model-yahoo/run_v1.py", line 251, in main
    trades = run_external(ext, yahoo_csv, daily_csv, outdir)
             ^^^^^^^^^^^^^^^^^^^^^^^^^^^^^^^^^^^^^^^^^^^^^^^
  File "/home/runner/work/twilio-voice-gateway/twilio-voice-gateway/mnq-12model-yahoo/run_v1.py", line 228, in run_external
    raise RuntimeError(f"External run failed rc={p.returncode}: {p.stderr[-2500:]}")
RuntimeError: External run failed rc=1: Traceback (most recent call last):
  File "/tmp/mnq12yahoo/external/run_multi.py", line 115, in <module>
    main()
  File "/tmp/mnq12yahoo/external/run_multi.py", line 99, in main
    m.df.to_csv(args.csv, index=False)
  File "/opt/hostedtoolcache/Python/3.12.14/x64/lib/python3.12/site-packages/pandas/core/generic.py", line 3976, in to_csv
    return DataFrameRenderer(formatter).to_csv(
           ^^^^^^^^^^^^^^^^^^^^^^^^^^^^^^^^^^^^
  File "/opt/hostedtoolcache/Python/3.12.14/x64/lib/python3.12/site-packages/pandas/io/formats/format.py", line 1025, in to_csv
    csv_formatter.save()
  File "/opt/hostedtoolcache/Python/3.12.14/x64/lib/python3.12/site-packages/pandas/io/formats/csvs.py", line 251, in save
    with get_handle(
         ^^^^^^^^^^^
  File "/opt/hostedtoolcache/Python/3.12.14/x64/lib/python3.12/site-packages/pandas/io/common.py", line 797, in get_handle
    check_parent_directory(str(handle))
  File "/opt/hostedtoolcache/Python/3.12.14/x64/lib/python3.12/site-packages/pandas/io/common.py", line 656, in check_parent_directory
    raise OSError(rf"Cannot save file into a non-existent directory: '{parent}'")
OSError: Cannot save file into a non-existent directory: 'mnq-12model-yahoo/results/v1'

