{
  "status": "OPENING_GAP_REVERSAL_V1_NO_GO",
  "spy": {
    "PRIMARY": {
      "full": {
        "n": 1469,
        "mean": -0.0003385026935804609,
        "median": -0.00024049857845433992,
        "sum": -0.497260456869697,
        "pf": 0.798069983298817,
        "win_rate": 0.46426140231449964,
        "max_dd": 0.5186721316758178,
        "losing_streak": 9
      },
      "annual": {
        "2015": {
          "n": 140,
          "mean": -0.0002722750007469519,
          "median": -0.0006356921848443496,
          "sum": -0.038118500104573266,
          "pf": 0.8128525816125207,
          "win_rate": 0.39285714285714285,
          "max_dd": 0.05025257454347083,
          "losing_streak": 9
        },
        "2016": {
          "n": 154,
          "mean": -0.00013150282094595645,
          "median": 3.742531842241287e-05,
          "sum": -0.020251434425677294,
          "pf": 0.89752918224034,
          "win_rate": 0.5064935064935064,
          "max_dd": 0.06206540543943047,
          "losing_streak": 6
        },
        "2017": {
          "n": 92,
          "mean": -0.000403873496818156,
          "median": -0.0005827706750637594,
          "sum": -0.03715636170727035,
          "pf": 0.5706919725824681,
          "win_rate": 0.3804347826086957,
          "max_dd": 0.03969363958770221,
          "losing_streak": 7
        },
        "2018": {
          "n": 170,
          "mean": -0.00021536199521679462,
          "median": -0.00019979719652593025,
          "sum": -0.036611539186855085,
          "pf": 0.8472375844918237,
          "win_rate": 0.47058823529411764,
          "max_dd": 0.07276625316402516,
          "losing_streak": 7
        },
        "2019": {
          "n": 149,
          "mean": -0.0002666205650066912,
          "median": 0.0002448231614255782,
          "sum": -0.039726464185996985,
          "pf": 0.7990761940297623,
          "win_rate": 0.5302013422818792,
          "max_dd": 0.059402448959095314,
          "losing_streak": 5
        },
        "2020": {
          "n": 201,
          "mean": -0.0004902753013440681,
          "median": -1.3163559948758784e-05,
          "sum": -0.09854533557015768,
          "pf": 0.7928896042299397,
          "win_rate": 0.4925373134328358,
          "max_dd": 0.11412394888732676,
          "losing_streak": 7
        },
        "2021": {
          "n": 159,
          "mean": -0.0005260732652814143,
          "median": -0.0005095098824070774,
          "sum": -0.08364564917974487,
          "pf": 0.680506112916477,
          "win_rate": 0.41509433962264153,
          "max_dd": 0.09681188040204156,
          "losing_streak": 8
        },
        "2022": {
          "n": 193,
          "mean": -0.0004222953974704944,
          "median": -0.0008549714515653448,
          "sum": -0.08150301171180542,
          "pf": 0.8334156721455142,
          "win_rate": 0.46632124352331605,
          "max_dd": 0.10728843112056492,
          "losing_streak": 6
        },
        "2023": {
          "n": 160,
          "mean": -0.00028087207511556236,
          "median": -0.00016607059776854155,
          "sum": -0.04493953201848998,
          "pf": 0.813139602608006,
          "win_rate": 0.475,
          "max_dd": 0.06523319975231125,
          "losing_streak": 4
        },
        "2024": {
          "n": 51,
          "mean": -0.00032867899566913823,
          "median": -0.00013847911676725372,
          "sum": -0.01676262877912605,
          "pf": 0.7602559785900125,
          "win_rate": 0.47058823529411764,
          "max_dd": 0.037142076490954884,
          "losing_streak": 5
        }
      },
      "by_direction": {
        "long": {
          "n": 623,
          "mean": -0.0004297358967106626,
          "median": -6.857331133505157e-05,
          "sum": -0.2677254636507428,
          "pf": 0.7687980811264431,
          "win_rate": 0.48796147672552165,
          "max_dd": 0.2778877690334359,
          "losing_streak": 12
        },
        "short": {
          "n": 846,
          "mean": -0.0002713179588876527,
          "median": -0.00033928226554016375,
          "sum": -0.22953499321895418,
          "pf": 0.8240526131842629,
          "win_rate": 0.44680851063829785,
          "max_dd": 0.24810775992520726,
          "losing_streak": 8
        }
      },
      "remove_best_5pct_mean": -0.0008969943321078445
    },
    "STRESS": {
      "full": {
        "n": 1469,
        "mean": -0.0006385026935804612,
        "median": -0.0005404985784543399,
        "sum": -0.9379604568696975,
        "pf": 0.6536636445906415,
        "win_rate": 0.4240980258679374,
        "max_dd": 0.9457109840683907,
        "losing_streak": 14
      },
      "annual": {
        "2015": {
          "n": 140,
          "mean": -0.0005722750007469522,
          "median": -0.0009356921848443496,
          "sum": -0.0801185001045733,
          "pf": 0.6522790150693568,
          "win_rate": 0.32857142857142857,
          "max_dd": 0.08392150815153826,
          "losing_streak": 14
        },
        "2016": {
          "n": 154,
          "mean": -0.0004315028209459568,
          "median": -0.00026257468157758713,
          "sum": -0.06645143442567734,
          "pf": 0.7008012860372773,
          "win_rate": 0.44805194805194803,
          "max_dd": 0.09986540543943057,
          "losing_streak": 6
        },
        "2017": {
          "n": 92,
          "mean": -0.0007038734968181563,
          "median": -0.0008827706750637594,
          "sum": -0.06475636170727038,
          "pf": 0.3801412262215288,
          "win_rate": 0.31521739130434784,
          "max_dd": 0.06609363958770231,
          "losing_streak": 10
        },
        "2018": {
          "n": 170,
          "mean": -0.0005153619952167949,
          "median": -0.0004997971965259303,
          "sum": -0.08761153918685513,
          "pf": 0.6731872506183456,
          "win_rate": 0.4294117647058823,
          "max_dd": 0.11159132939913069,
          "losing_streak": 7
        },
        "2019": {
          "n": 149,
          "mean": -0.0005666205650066913,
          "median": -5.5176838574421804e-05,
          "sum": -0.084426464185997,
          "pf": 0.615460065810822,
          "win_rate": 0.4899328859060403,
          "max_dd": 0.08988057405550481,
          "losing_streak": 5
        },
        "2020": {
          "n": 201,
          "mean": -0.0007902753013440688,
          "median": -0.0003131635599487588,
          "sum": -0.15884533557015784,
          "pf": 0.6871015729594033,
          "win_rate": 0.4626865671641791,
          "max_dd": 0.16724374436139827,
          "losing_streak": 7
        },
        "2021": {
          "n": 159,
          "mean": -0.0008260732652814148,
          "median": -0.0008095098824070775,
          "sum": -0.13134564917974495,
          "pf": 0.5480991984994685,
          "win_rate": 0.37735849056603776,
          "max_dd": 0.14271927306785767,
          "losing_streak": 12
        },
        "2022": {
          "n": 193,
          "mean": -0.000722295397470495,
          "median": -0.0011549714515653449,
          "sum": -0.13940301171180552,
          "pf": 0.7323786815108337,
          "win_rate": 0.44041450777202074,
          "max_dd": 0.14764574591926993,
          "losing_streak": 7
        },
        "2023": {
          "n": 160,
          "mean": -0.0005808720751155625,
          "median": -0.00046607059776854155,
          "sum": -0.09293953201849,
          "pf": 0.6508362216199088,
          "win_rate": 0.4625,
          "max_dd": 0.1094523830485784,
          "losing_streak": 4
        },
        "2024": {
          "n": 51,
          "mean": -0.0006286789956691385,
          "median": -0.0004384791167672537,
          "sum": -0.032062628779126065,
          "pf": 0.5902218823690519,
          "win_rate": 0.4117647058823529,
          "max_dd": 0.044601735767884065,
          "losing_streak": 5
        }
      },
      "by_direction": {
        "long": {
          "n": 623,
          "mean": -0.0007297358967106631,
          "median": -0.00036857331133505157,
          "sum": -0.4546254636507431,
          "pf": 0.6383989459872189,
          "win_rate": 0.4510433386837881,
          "max_dd": 0.4572136339696338,
          "losing_streak": 16
        },
        "short": {
          "n": 846,
          "mean": -0.0005713179588876531,
          "median": -0.0006392822655401638,
          "sum": -0.4833349932189545,
          "pf": 0.6668903382030797,
          "win_rate": 0.40425531914893614,
          "max_dd": 0.49134279656181473,
          "losing_streak": 10
        }
      },
      "remove_best_5pct_mean": -0.0011969943321078447
    }
  },
  "es": {
    "PRIMARY": {
      "full": {
        "n": 39,
        "mean": 2.1307692307692307,
        "median": 9.65,
        "sum": 83.1,
        "pf": 1.1731791184745228,
        "win_rate": 0.5897435897435898,
        "max_dd": 107.65,
        "losing_streak": 2
      },
      "monthly": {
        "2026-01": {
          "n": 3,
          "mean": -11.183333333333335,
          "median": -5.85,
          "sum": -33.550000000000004,
          "pf": 0.28541001064962723,
          "win_rate": 0.3333333333333333,
          "max_dd": 41.1,
          "losing_streak": 1
        },
        "2026-02": {
          "n": 11,
          "mean": -0.5318181818181823,
          "median": 9.65,
          "sum": -5.850000000000005,
          "pf": 0.9688664183076104,
          "win_rate": 0.6363636363636364,
          "max_dd": 72.9,
          "losing_streak": 2
        },
        "2026-03": {
          "n": 19,
          "mean": -0.40263157894736973,
          "median": 10.65,
          "sum": -7.650000000000025,
          "pf": 0.9647546648237733,
          "win_rate": 0.5789473684210527,
          "max_dd": 80.45000000000002,
          "losing_streak": 2
        },
        "2026-04": {
          "n": 6,
          "mean": 21.691666666666674,
          "median": 11.774999999999999,
          "sum": 130.15000000000003,
          "pf": 5.656529516994634,
          "win_rate": 0.6666666666666666,
          "max_dd": 19.099999999999994,
          "losing_streak": 1
        }
      },
      "by_direction": {
        "long": {
          "n": 23,
          "mean": 0.0847826086956523,
          "median": 9.65,
          "sum": 1.9500000000000028,
          "pf": 1.0052831211053912,
          "win_rate": 0.5217391304347826,
          "max_dd": 175.5,
          "losing_streak": 2
        },
        "short": {
          "n": 16,
          "mean": 5.071874999999999,
          "median": 10.4,
          "sum": 81.14999999999998,
          "pf": 1.7327313769751693,
          "win_rate": 0.6875,
          "max_dd": 42.550000000000004,
          "losing_streak": 1
        }
      }
    },
    "STRESS": {
      "full": {
        "n": 39,
        "mean": 1.6307692307692305,
        "median": 9.15,
        "sum": 63.59999999999999,
        "pf": 1.1303679409654603,
        "win_rate": 0.5897435897435898,
        "max_dd": 117.15000000000003,
        "losing_streak": 2
      },
      "monthly": {
        "2026-01": {
          "n": 3,
          "mean": -11.683333333333335,
          "median": -6.35,
          "sum": -35.050000000000004,
          "pf": 0.26903023983315955,
          "win_rate": 0.3333333333333333,
          "max_dd": 41.6,
          "losing_streak": 1
        },
        "2026-02": {
          "n": 11,
          "mean": -1.0318181818181824,
          "median": 9.15,
          "sum": -11.350000000000007,
          "pf": 0.940231700895208,
          "win_rate": 0.6363636363636364,
          "max_dd": 74.9,
          "losing_streak": 2
        },
        "2026-03": {
          "n": 19,
          "mean": -0.9026315789473699,
          "median": 10.15,
          "sum": -17.150000000000027,
          "pf": 0.9224157430445601,
          "win_rate": 0.5789473684210527,
          "max_dd": 86.45000000000002,
          "losing_streak": 2
        },
        "2026-04": {
          "n": 6,
          "mean": 21.191666666666674,
          "median": 11.274999999999999,
          "sum": 127.15000000000003,
          "pf": 5.392055267702936,
          "win_rate": 0.6666666666666666,
          "max_dd": 19.599999999999994,
          "losing_streak": 1
        }
      },
      "by_direction": {
        "long": {
          "n": 23,
          "mean": -0.4152173913043477,
          "median": 9.15,
          "sum": -9.549999999999997,
          "pf": 0.9745061398825412,
          "win_rate": 0.5217391304347826,
          "max_dd": 182.99999999999994,
          "losing_streak": 2
        },
        "short": {
          "n": 16,
          "mean": 4.571874999999999,
          "median": 9.9,
          "sum": 73.14999999999998,
          "pf": 1.645916114790287,
          "win_rate": 0.6875,
          "max_dd": 44.050000000000004,
          "losing_streak": 1
        }
      }
    }
  },
  "spy_positive_years": 0,
  "es_positive_feb_mar_apr_months": 1,
  "gates": {
    "spy_n_ge150": true,
    "spy_mean_positive": false,
    "spy_pf_ge1_10": false,
    "spy_positive_years_ge7": false,
    "spy_median_nonnegative": false,
    "spy_stress_mean_positive": false,
    "spy_stress_pf_ge1_03": false,
    "spy_remove_best5pct_mean_nonnegative": false,
    "es_n_ge10": true,
    "es_mean_positive": true,
    "es_pf_ge1_15": true,
    "es_positive_months_ge2": false,
    "es_stress_mean_positive": true,
    "es_stress_pf_ge1_05": true
  },
  "notes": [
    "Gap threshold, 10-minute wait, 60-minute fade and both directions frozen before outcomes.",
    "Direction diagnostics cannot rescue the opened test.",
    "Explicit transaction-cost stress applied because the original paper warned cost-adjusted significance was much weaker."
  ]
}
