{
  "status": "NQ_ROD_INTRADAY_MOMENTUM_V1_NO_GO_OR_INCONCLUSIVE",
  "qqq": {
    "PRIMARY": {
      "post_2022_2025": {
        "n": 1002,
        "mean": -0.00021304866747271886,
        "sum": -0.2134747648076643,
        "pf": 0.8225459831303429,
        "win_rate": 0.4530938123752495,
        "max_dd": 0.32362825123812655,
        "losing_streak": 14
      },
      "partial_2026": {
        "n": 54,
        "mean": -0.000611512762771836,
        "sum": -0.03302168918967914,
        "pf": 0.44325289492492836,
        "win_rate": 0.3148148148148148,
        "max_dd": 0.035624502231564756,
        "losing_streak": 12
      },
      "annual": {
        "2022": {
          "n": 251,
          "mean": 0.0003141660469867,
          "sum": 0.0788556777936617,
          "pf": 1.2179874894860854,
          "win_rate": 0.5298804780876494,
          "max_dd": 0.0576444996590844,
          "losing_streak": 6
        },
        "2023": {
          "n": 250,
          "mean": -0.00018271992084446155,
          "sum": -0.04567998021111539,
          "pf": 0.8132225390444751,
          "win_rate": 0.448,
          "max_dd": 0.07880202259681751,
          "losing_streak": 9
        },
        "2024": {
          "n": 251,
          "mean": -0.00041591011445339096,
          "sum": -0.10439343872780113,
          "pf": 0.6200847467461752,
          "win_rate": 0.44223107569721115,
          "max_dd": 0.11073424485287882,
          "losing_streak": 14
        },
        "2025": {
          "n": 250,
          "mean": -0.000569028094649638,
          "sum": -0.1422570236624095,
          "pf": 0.5580603903820031,
          "win_rate": 0.392,
          "max_dd": 0.1448527839851016,
          "losing_streak": 10
        }
      }
    },
    "STRESS": {
      "post_2022_2025": {
        "n": 1002,
        "mean": -0.0005130486674727191,
        "sum": -0.5140747648076646,
        "pf": 0.62624965385333,
        "win_rate": 0.39820359281437123,
        "max_dd": 0.5924404270562762,
        "losing_streak": 14
      },
      "partial_2026": {
        "n": 54,
        "mean": -0.0009115127627718363,
        "sum": -0.04922168918967916,
        "pf": 0.30094573927901486,
        "win_rate": 0.3148148148148148,
        "max_dd": 0.05036637246601855,
        "losing_streak": 12
      },
      "annual": {
        "2022": {
          "n": 251,
          "mean": 1.4166046986699582e-05,
          "sum": 0.003555677793661595,
          "pf": 1.0089214011961598,
          "win_rate": 0.50199203187251,
          "max_dd": 0.0807444996590842,
          "losing_streak": 7
        },
        "2023": {
          "n": 250,
          "mean": -0.00048271992084446166,
          "sum": -0.12067998021111541,
          "pf": 0.5811639122911196,
          "win_rate": 0.388,
          "max_dd": 0.14128763839988862,
          "losing_streak": 10
        },
        "2024": {
          "n": 251,
          "mean": -0.0007159101144533911,
          "sum": -0.1796934387278012,
          "pf": 0.4369059180748878,
          "win_rate": 0.3745019920318725,
          "max_dd": 0.18543424485287824,
          "losing_streak": 14
        },
        "2025": {
          "n": 250,
          "mean": -0.0008690280946496384,
          "sum": -0.2172570236624096,
          "pf": 0.4122531763494728,
          "win_rate": 0.328,
          "max_dd": 0.21836163759651628,
          "losing_streak": 12
        }
      }
    }
  },
  "nq": {
    "PRIMARY": {
      "full": {
        "n": 59,
        "mean": -7.114406779661017,
        "sum": -419.75,
        "pf": 0.7241209332895169,
        "win_rate": 0.4745762711864407,
        "max_dd": 735.0,
        "losing_streak": 7
      },
      "monthly": {
        "2026-01": {
          "n": 8,
          "mean": -30.5,
          "sum": -244.0,
          "pf": 0.2398753894080997,
          "win_rate": 0.25,
          "max_dd": 305.25,
          "losing_streak": 5
        },
        "2026-02": {
          "n": 19,
          "mean": -3.526315789473684,
          "sum": -67.0,
          "pf": 0.8383594692400482,
          "win_rate": 0.42105263157894735,
          "max_dd": 123.75,
          "losing_streak": 2
        },
        "2026-03": {
          "n": 22,
          "mean": -5.738636363636363,
          "sum": -126.25,
          "pf": 0.7531769305962854,
          "win_rate": 0.5454545454545454,
          "max_dd": 195.25,
          "losing_streak": 3
        },
        "2026-04": {
          "n": 10,
          "mean": 1.75,
          "sum": 17.5,
          "pf": 1.0637522768670309,
          "win_rate": 0.6,
          "max_dd": 236.5,
          "losing_streak": 2
        }
      }
    },
    "STRESS": {
      "full": {
        "n": 59,
        "mean": -7.614406779661017,
        "sum": -449.25,
        "pf": 0.7077098243331165,
        "win_rate": 0.4745762711864407,
        "max_dd": 760.0,
        "losing_streak": 7
      },
      "monthly": {
        "2026-01": {
          "n": 8,
          "mean": -31.0,
          "sum": -248.0,
          "pf": 0.2345679012345679,
          "win_rate": 0.25,
          "max_dd": 307.75,
          "losing_streak": 5
        },
        "2026-02": {
          "n": 19,
          "mean": -4.026315789473684,
          "sum": -76.5,
          "pf": 0.8178571428571428,
          "win_rate": 0.42105263157894735,
          "max_dd": 124.75,
          "losing_streak": 2
        },
        "2026-03": {
          "n": 22,
          "mean": -6.238636363636363,
          "sum": -137.25,
          "pf": 0.7342691190706679,
          "win_rate": 0.5454545454545454,
          "max_dd": 203.25,
          "losing_streak": 3
        },
        "2026-04": {
          "n": 10,
          "mean": 1.25,
          "sum": 12.5,
          "pf": 1.0452079566003616,
          "win_rate": 0.6,
          "max_dd": 238.5,
          "losing_streak": 2
        }
      }
    }
  },
  "qqq_positive_years": 1,
  "nq_positive_feb_mar_apr": 1,
  "gates": {
    "qqq_n_ge900": true,
    "qqq_mean_positive": false,
    "qqq_pf_ge1_05": false,
    "qqq_positive_years_ge3": false,
    "nq_n_ge45": true,
    "nq_mean_points_positive": false,
    "nq_pf_ge1_15": false,
    "nq_positive_feb_mar_apr_ge2": false,
    "nq_dd_le400pts": false,
    "nq_stress_mean_positive": false,
    "nq_stress_pf_ge1_05": false
  },
  "notes": [
    "rROD sign rule frozen from Baltussen et al. 2021 before outcome calculation.",
    "Direct NQ source is mandatory core evidence; GetData proxy is not used.",
    "No transaction-cost assumption from the paper is relied upon; explicit primary/stress costs are applied here."
  ]
}
